C:\Users\mark_\Data\Reinvent\Companies\Nelson Connects>git clone https://github.com/cyber33/example-code-2e
Cloning into 'example-code-2e'...
remote: Enumerating objects: 3513, done.
Receiving objects: 100% (3513/3513), 13.38 MiB | 10.27 MiB/s, done.
Resolving deltas: 100% (1900/1900), done.elta 0), pack-reused 3513 esolving deltas:   0% (0/1900)


C:\Users\mark_\Data\Reinvent\Companies\Nelson Connects>dir
 Volume in drive C is Acer
 Volume Serial Number is AE3D-6D4D

 Directory of C:\Users\mark_\Data\Reinvent\Companies\Nelson Connects

03/16/2023  11:22 AM    <DIR>          .
03/09/2023  11:13 AM    <DIR>          ..
03/16/2023  11:23 AM    <DIR>          example-code-2e
03/16/2023  11:16 AM             2,446 example.py
03/13/2023  09:00 AM    <DIR>          test
03/13/2023  08:55 AM                 5 test.txt
03/09/2023  10:53 AM           192,874 Transcriptions - Kubernetes Up and Runming 3rd ED Companion Labs.txt
               3 File(s)        195,325 bytes
               4 Dir(s)   2,669,465,600 bytes free

C:\Users\mark_\Data\Reinvent\Companies\Nelson Connects>cd example-code-2e

C:\Users\mark_\Data\Reinvent\Companies\Nelson Connects\example-code-2e>dir
 Volume in drive C is Acer
 Volume Serial Number is AE3D-6D4D

 Directory of C:\Users\mark_\Data\Reinvent\Companies\Nelson Connects\example-code-2e

03/16/2023  11:23 AM    <DIR>          .
03/16/2023  11:22 AM    <DIR>          ..
03/16/2023  11:23 AM             1,152 .gitignore
03/16/2023  11:23 AM    <DIR>          01-data-model
03/16/2023  11:23 AM    <DIR>          02-array-seq
03/16/2023  11:23 AM    <DIR>          03-dict-set
03/16/2023  11:23 AM    <DIR>          04-text-byte
03/16/2023  11:23 AM    <DIR>          05-data-classes
03/16/2023  11:23 AM    <DIR>          06-obj-ref
03/16/2023  11:23 AM    <DIR>          07-1class-func
03/16/2023  11:23 AM    <DIR>          08-def-type-hints
03/16/2023  11:23 AM    <DIR>          09-closure-deco
03/16/2023  11:23 AM    <DIR>          10-dp-1class-func
03/16/2023  11:23 AM    <DIR>          11-pythonic-obj
03/16/2023  11:23 AM    <DIR>          12-seq-hacking
03/16/2023  11:23 AM    <DIR>          13-protocol-abc
03/16/2023  11:23 AM    <DIR>          14-inheritance
03/16/2023  11:23 AM    <DIR>          15-more-types
03/16/2023  11:23 AM    <DIR>          16-op-overloading
03/16/2023  11:23 AM    <DIR>          17-it-generator
03/16/2023  11:23 AM    <DIR>          18-with-match
03/16/2023  11:23 AM    <DIR>          19-concurrency
03/16/2023  11:23 AM    <DIR>          20-executors
03/16/2023  11:23 AM    <DIR>          21-async
03/16/2023  11:23 AM    <DIR>          22-dyn-attr-prop
03/16/2023  11:23 AM    <DIR>          23-descriptor
03/16/2023  11:23 AM    <DIR>          24-class-metaprog
03/16/2023  11:23 AM             1,105 LICENSE
03/16/2023  11:23 AM    <DIR>          links
03/16/2023  11:23 AM                39 pytest.ini
03/16/2023  11:23 AM             2,461 README.md
               4 File(s)          4,757 bytes
              27 Dir(s)   2,669,461,504 bytes free

C:\Users\mark_\Data\Reinvent\Companies\Nelson Connects\example-code-2e>cd 01-data-model

C:\Users\mark_\Data\Reinvent\Companies\Nelson Connects\example-code-2e\01-data-model>type README.md
# The Python Data Model

Sample code for Chapter 1 of _Fluent Python 2e_ by Luciano Ramalho (O'Reilly, 2020)

## Running the tests

### Doctests

Use Python's standard ``doctest`` module to check stand-alone doctest file:

    $ python3 -m doctest frenchdeck.doctest -v

And to check doctests embedded in a module:

    $ python3 -m doctest vector2d.py -v

### Jupyter Notebook

Install ``pytest`` and the ``nbval`` plugin:

    $ pip install pytest nbval

Run:

    $ pytest --nbval

C:\Users\mark_\Data\Reinvent\Companies\Nelson Connects\example-code-2e\01-data-model>cat frenchdeck.doctest
'cat' is not recognized as an internal or external command,
operable program or batch file.

C:\Users\mark_\Data\Reinvent\Companies\Nelson Connects\example-code-2e\01-data-model>type frenchdeck.doctest
>>> from frenchdeck import FrenchDeck, Card
>>> beer_card = Card('7', 'diamonds')
>>> beer_card
Card(rank='7', suit='diamonds')
>>> deck = FrenchDeck()
>>> len(deck)
52
>>> deck[:3]
[Card(rank='2', suit='spades'), Card(rank='3', suit='spades'), Card(rank='4', suit='spades')]
>>> deck[12::13]
[Card(rank='A', suit='spades'), Card(rank='A', suit='diamonds'), Card(rank='A', suit='clubs'), Card(rank='A', suit='hearts')]
>>> Card('Q', 'hearts') in deck
True
>>> Card('Z', 'clubs') in deck
False
>>> for card in deck:  # doctest: +ELLIPSIS
...   print(card)
Card(rank='2', suit='spades')
Card(rank='3', suit='spades')
Card(rank='4', suit='spades')
...
>>> for card in reversed(deck):  # doctest: +ELLIPSIS
...   print(card)
Card(rank='A', suit='hearts')
Card(rank='K', suit='hearts')
Card(rank='Q', suit='hearts')
...
>>> for n, card in enumerate(deck, 1):  # doctest: +ELLIPSIS
...   print(n, card)
1 Card(rank='2', suit='spades')
2 Card(rank='3', suit='spades')
3 Card(rank='4', suit='spades')
...
>>> suit_values = dict(spades=3, hearts=2, diamonds=1, clubs=0)
>>> def spades_high(card):
...     rank_value = FrenchDeck.ranks.index(card.rank)
...     return rank_value * len(suit_values) + suit_values[card.suit]

Rank test:

>>> spades_high(Card('2', 'clubs'))
0
>>> spades_high(Card('A', 'spades'))
51

>>> for card in sorted(deck, key=spades_high):  # doctest: +ELLIPSIS
...      print(card)
Card(rank='2', suit='clubs')
Card(rank='2', suit='diamonds')
Card(rank='2', suit='hearts')
...
Card(rank='A', suit='diamonds')
Card(rank='A', suit='hearts')
Card(rank='A', suit='spades')

C:\Users\mark_\Data\Reinvent\Companies\Nelson Connects\example-code-2e\01-data-model>type vector2d.py
"""
vector2d.py: a simplistic class demonstrating some special methods

It is simplistic for didactic reasons. It lacks proper error handling,
especially in the ``__add__`` and ``__mul__`` methods.

This example is greatly expanded later in the book.

Addition::

    >>> v1 = Vector(2, 4)
    >>> v2 = Vector(2, 1)
    >>> v1 + v2
    Vector(4, 5)

Absolute value::

    >>> v = Vector(3, 4)
    >>> abs(v)
    5.0

Scalar multiplication::

    >>> v * 3
    Vector(9, 12)
    >>> abs(v * 3)
    15.0

"""


import math

class Vector:

    def __init__(self, x=0, y=0):
        self.x = x
        self.y = y

    def __repr__(self):
        return f'Vector({self.x!r}, {self.y!r})'

    def __abs__(self):
        return math.hypot(self.x, self.y)

    def __bool__(self):
        return bool(abs(self))

    def __add__(self, other):
        x = self.x + other.x
        y = self.y + other.y
        return Vector(x, y)

    def __mul__(self, scalar):
        return Vector(self.x * scalar, self.y * scalar)

C:\Users\mark_\Data\Reinvent\Companies\Nelson Connects\example-code-2e\01-data-model>py  -m doctest frenchdeck.doctest -v
Trying:
    from frenchdeck import FrenchDeck, Card
Expecting nothing
ok
Trying:
    beer_card = Card('7', 'diamonds')
Expecting nothing
ok
Trying:
    beer_card
Expecting:
    Card(rank='7', suit='diamonds')
ok
Trying:
    deck = FrenchDeck()
Expecting nothing
ok
Trying:
    len(deck)
Expecting:
    52
ok
Trying:
    deck[:3]
Expecting:
    [Card(rank='2', suit='spades'), Card(rank='3', suit='spades'), Card(rank='4', suit='spades')]
ok
Trying:
    deck[12::13]
Expecting:
    [Card(rank='A', suit='spades'), Card(rank='A', suit='diamonds'), Card(rank='A', suit='clubs'), Card(rank='A', suit='hearts')]
ok
Trying:
    Card('Q', 'hearts') in deck
Expecting:
    True
ok
Trying:
    Card('Z', 'clubs') in deck
Expecting:
    False
ok
Trying:
    for card in deck:  # doctest: +ELLIPSIS
      print(card)
Expecting:
    Card(rank='2', suit='spades')
    Card(rank='3', suit='spades')
    Card(rank='4', suit='spades')
    ...
ok
Trying:
    for card in reversed(deck):  # doctest: +ELLIPSIS
      print(card)
Expecting:
    Card(rank='A', suit='hearts')
    Card(rank='K', suit='hearts')
    Card(rank='Q', suit='hearts')
    ...
ok
Trying:
    for n, card in enumerate(deck, 1):  # doctest: +ELLIPSIS
      print(n, card)
Expecting:
    1 Card(rank='2', suit='spades')
    2 Card(rank='3', suit='spades')
    3 Card(rank='4', suit='spades')
    ...
ok
Trying:
    suit_values = dict(spades=3, hearts=2, diamonds=1, clubs=0)
Expecting nothing
ok
Trying:
    def spades_high(card):
        rank_value = FrenchDeck.ranks.index(card.rank)
        return rank_value * len(suit_values) + suit_values[card.suit]
Expecting nothing
ok
Trying:
    spades_high(Card('2', 'clubs'))
Expecting:
    0
ok
Trying:
    spades_high(Card('A', 'spades'))
Expecting:
    51
ok
Trying:
    for card in sorted(deck, key=spades_high):  # doctest: +ELLIPSIS
         print(card)
Expecting:
    Card(rank='2', suit='clubs')
    Card(rank='2', suit='diamonds')
    Card(rank='2', suit='hearts')
    ...
    Card(rank='A', suit='diamonds')
    Card(rank='A', suit='hearts')
    Card(rank='A', suit='spades')
ok
1 items passed all tests:
  17 tests in frenchdeck.doctest
17 tests in 1 items.
17 passed and 0 failed.
Test passed.

C:\Users\mark_\Data\Reinvent\Companies\Nelson Connects\example-code-2e\01-data-model>py -m doctest vector2d.py -v
Trying:
    v1 = Vector(2, 4)
Expecting nothing
ok
Trying:
    v2 = Vector(2, 1)
Expecting nothing
ok
Trying:
    v1 + v2
Expecting:
    Vector(4, 5)
ok
Trying:
    v = Vector(3, 4)
Expecting nothing
ok
Trying:
    abs(v)
Expecting:
    5.0
ok
Trying:
    v * 3
Expecting:
    Vector(9, 12)
ok
Trying:
    abs(v * 3)
Expecting:
    15.0
ok
7 items had no tests:
    vector2d.Vector
    vector2d.Vector.__abs__
    vector2d.Vector.__add__
    vector2d.Vector.__bool__
    vector2d.Vector.__init__
    vector2d.Vector.__mul__
    vector2d.Vector.__repr__
1 items passed all tests:
   7 tests in vector2d
7 tests in 8 items.
7 passed and 0 failed.
Test passed.

C:\Users\mark_\Data\Reinvent\Companies\Nelson Connects\example-code-2e\01-data-model>dir
 Volume in drive C is Acer
 Volume Serial Number is AE3D-6D4D

 Directory of C:\Users\mark_\Data\Reinvent\Companies\Nelson Connects\example-code-2e\01-data-model

03/16/2023  11:42 AM    <DIR>          .
03/16/2023  11:23 AM    <DIR>          ..
03/16/2023  11:23 AM            15,445 data-model.ipynb
03/16/2023  11:23 AM             1,636 frenchdeck.doctest
03/16/2023  11:23 AM               504 frenchdeck.py
03/16/2023  11:23 AM               509 README.md
03/16/2023  11:23 AM               103 test.sh
03/16/2023  11:23 AM               193 vector2d.doctest
03/16/2023  11:23 AM             1,065 vector2d.py
03/16/2023  11:43 AM    <DIR>          __pycache__
               7 File(s)         19,455 bytes
               3 Dir(s)   2,824,331,264 bytes free

C:\Users\mark_\Data\Reinvent\Companies\Nelson Connects\example-code-2e\01-data-model>notepad TRANSCRIPTION.TXT

C:\Users\mark_\Data\Reinvent\Companies\Nelson Connects\example-code-2e\01-data-model>
C:\Users\mark_\Data\Reinvent\Companies\Nelson Connects\example-code-2e\01-data-model>notepad TRANSCRIPTION.TXT

C:\Users\mark_\Data\Reinvent\Companies\Nelson Connects\example-code-2e\01-data-model>pip install pytest nbval
Collecting pytest
  Downloading pytest-7.2.2-py3-none-any.whl (317 kB)
     |████████████████████████████████| 317 kB 3.3 MB/s
Collecting nbval
  Downloading nbval-0.10.0-py2.py3-none-any.whl (24 kB)
Requirement already satisfied: colorama in c:\users\mark_\appdata\local\programs\python\python39\lib\site-packages (from pytest) (0.4.4)
Collecting pluggy<2.0,>=0.12
  Downloading pluggy-1.0.0-py2.py3-none-any.whl (13 kB)
Requirement already satisfied: attrs>=19.2.0 in c:\users\mark_\appdata\local\programs\python\python39\lib\site-packages (from pytest) (21.4.0)
Requirement already satisfied: packaging in c:\users\mark_\appdata\local\programs\python\python39\lib\site-packages (from pytest) (21.3)
Collecting tomli>=1.0.0
  Downloading tomli-2.0.1-py3-none-any.whl (12 kB)
Collecting iniconfig
  Downloading iniconfig-2.0.0-py3-none-any.whl (5.9 kB)
Collecting exceptiongroup>=1.0.0rc8
  Downloading exceptiongroup-1.1.1-py3-none-any.whl (14 kB)
Collecting ipykernel
  Downloading ipykernel-6.21.3-py3-none-any.whl (149 kB)
     |████████████████████████████████| 149 kB 328 kB/s
Collecting jupyter-client
  Downloading jupyter_client-8.0.3-py3-none-any.whl (102 kB)
     |████████████████████████████████| 102 kB 6.4 MB/s
Collecting coverage
  Downloading coverage-7.2.2-cp39-cp39-win_amd64.whl (202 kB)
     |████████████████████████████████| 202 kB ...
Collecting nbformat
  Downloading nbformat-5.7.3-py3-none-any.whl (78 kB)
     |████████████████████████████████| 78 kB 3.4 MB/s
Collecting tornado>=6.1
  Downloading tornado-6.2-cp37-abi3-win_amd64.whl (425 kB)
     |████████████████████████████████| 425 kB 6.8 MB/s
Collecting matplotlib-inline>=0.1
  Downloading matplotlib_inline-0.1.6-py3-none-any.whl (9.4 kB)
Collecting nest-asyncio
  Downloading nest_asyncio-1.5.6-py3-none-any.whl (5.2 kB)
Collecting pyzmq>=20
  Downloading pyzmq-25.0.1-cp39-cp39-win_amd64.whl (1.1 MB)
     |████████████████████████████████| 1.1 MB 6.4 MB/s
Collecting psutil
  Downloading psutil-5.9.4-cp36-abi3-win_amd64.whl (252 kB)
     |████████████████████████████████| 252 kB 6.4 MB/s
Collecting traitlets>=5.4.0
  Downloading traitlets-5.9.0-py3-none-any.whl (117 kB)
     |████████████████████████████████| 117 kB 3.3 MB/s
Collecting comm>=0.1.1
  Downloading comm-0.1.2-py3-none-any.whl (6.5 kB)
Collecting jupyter-core!=5.0.*,>=4.12
  Downloading jupyter_core-5.3.0-py3-none-any.whl (93 kB)
     |████████████████████████████████| 93 kB 592 kB/s
Collecting debugpy>=1.6.5
  Downloading debugpy-1.6.6-cp39-cp39-win_amd64.whl (4.8 MB)
     |████████████████████████████████| 4.8 MB 6.8 MB/s
Collecting ipython>=7.23.1
  Downloading ipython-8.11.0-py3-none-any.whl (793 kB)
     |████████████████████████████████| 793 kB 6.4 MB/s
Collecting stack-data
  Downloading stack_data-0.6.2-py3-none-any.whl (24 kB)
Collecting backcall
  Downloading backcall-0.2.0-py2.py3-none-any.whl (11 kB)
Collecting pickleshare
  Downloading pickleshare-0.7.5-py2.py3-none-any.whl (6.9 kB)
Collecting decorator
  Downloading decorator-5.1.1-py3-none-any.whl (9.1 kB)
Collecting jedi>=0.16
  Downloading jedi-0.18.2-py2.py3-none-any.whl (1.6 MB)
     |████████████████████████████████| 1.6 MB 6.8 MB/s
Collecting pygments>=2.4.0
  Downloading Pygments-2.14.0-py3-none-any.whl (1.1 MB)
     |████████████████████████████████| 1.1 MB 6.4 MB/s
Collecting prompt-toolkit!=3.0.37,<3.1.0,>=3.0.30
  Downloading prompt_toolkit-3.0.38-py3-none-any.whl (385 kB)
     |████████████████████████████████| 385 kB 6.8 MB/s
Collecting parso<0.9.0,>=0.8.0
  Downloading parso-0.8.3-py2.py3-none-any.whl (100 kB)
     |████████████████████████████████| 100 kB 3.0 MB/s
Requirement already satisfied: python-dateutil>=2.8.2 in c:\users\mark_\appdata\local\programs\python\python39\lib\site-packages (from jupyter-client->nbval) (2.8.2)
Collecting importlib-metadata>=4.8.3
  Downloading importlib_metadata-6.0.0-py3-none-any.whl (21 kB)
Collecting zipp>=0.5
  Downloading zipp-3.15.0-py3-none-any.whl (6.8 kB)
Collecting platformdirs>=2.5
  Downloading platformdirs-3.1.1-py3-none-any.whl (14 kB)
Collecting pywin32>=300
  Downloading pywin32-305-cp39-cp39-win_amd64.whl (12.2 MB)
     |████████████████████████████████| 12.2 MB 6.4 MB/s
Collecting wcwidth
  Downloading wcwidth-0.2.6-py2.py3-none-any.whl (29 kB)
Requirement already satisfied: six>=1.5 in c:\users\mark_\appdata\local\programs\python\python39\lib\site-packages (from python-dateutil>=2.8.2->jupyter-client->nbval) (1.15.0)
Collecting jsonschema>=2.6
  Downloading jsonschema-4.17.3-py3-none-any.whl (90 kB)
     |████████████████████████████████| 90 kB 4.8 MB/s
Collecting fastjsonschema
  Downloading fastjsonschema-2.16.3-py3-none-any.whl (23 kB)

# Please enter the commit message for your changes. Lines starting
# with '#' will be ignored, and an empty message aborts the commit.
#
# On branch master
# Your branch is up to date with 'origin/master'.
#
# Changes to be committed:
#       new file:   TRANSCRIPTION.TXT
#

Executed instructions in README.md for example-code-2e\01-data-model
an added TRANSCRIPTION.TXT to document


~                                                                                                                                                                                                                  ~                                                                                                                                                                                                                  ~                                                                                                                                                                                                                  ~                                                                                                                                                                                                                  ~                                                                                                                                                                                                                  ~                                                                                                                                                                                                                  ~                                                                                                                                                                                                                  ~                                                                                                                                                                                                                  ~                                                                                                                                                                                                                  ~                                                                                                                                                                                                                  ~                                                                                                                                                                                                                  ~                                                                                                                                                                                                                  ~                                                                                                                                                                                                                  ~                                                                                                                                                                                                                  ~                                                                                                                                                                                                                  ~                                                                                                                                                                                                                  ~                                                                                                                                                                                                                  ~                                                                                                                                                                                                                  ~                                                                                                                                                                                                                  ~                                                                                                                                                                                                                  ~                                                                                                                                                                                                                  ~                                                                                                                                                                                                                  ~                                                                                                                                                                                                                  ~                                                                                                                                                                                                                  ~                                                                                                                                                                                                                  ~                                                                                                                                                                                                                  ~                                                                                                                                                                                                                  ~                                                                                                                                                                                                                  ~                                                                                                                                                                                                                  ~                                                                                                                                                                                                                  ~                                                                                                                                                                                                                  ~                                                                                                                                                                                                                  C:/Users/mark_/Data/Reinvent/Companies/Nelson Connects/example-code-2e/.git/COMMIT_EDITMSG[+] [unix] (11:51 16/03/2023)                                                                                  15,0-1 All[master 0807cd6] Executed instructions in README.md for example-code-2e\01-data-model an added TRANSCRIPTION.TXT to document
 1 file changed, 388 insertions(+)
 create mode 100644 01-data-model/TRANSCRIPTION.TXT

C:\Users\mark_\Data\Reinvent\Companies\Nelson Connects\example-code-2e\01-data-model>
C:\Users\mark_\Data\Reinvent\Companies\Nelson Connects\example-code-2e\01-data-model>git push
Enumerating objects: 6, done.
Counting objects: 100% (6/6), done.
Delta compression using up to 4 threads
Compressing objects: 100% (4/4), done.
Writing objects: 100% (4/4), 2.96 KiB | 1011.00 KiB/s, done.
Total 4 (delta 2), reused 0 (delta 0), pack-reused 0
remote: Resolving deltas: 100% (2/2), completed with 2 local objects.
To https://github.com/cyber33/example-code-2e
   28d6d03..0807cd6  master -> master

C:\Users\mark_\Data\Reinvent\Companies\Nelson Connects\example-code-2e\01-data-model>